// Jest Snapshot v1, https://goo.gl/fbAQLP

exports[`App tests should render landing page when unauthenticated 1`] = `
<DocumentFragment>
  <div
    class="pf-v6-c-background-image"
    style="--pf-v6-c-background-image--BackgroundImage: url(test-file-stub);"
  >
    <div
      class="pf-v6-l-bullseye"
      style="min-height: 100vh;"
    >
      <div
        class="pf-v6-l-stack pf-m-gutter"
      >
        <div
          class="pf-v6-l-stack__item"
        >
          <h1
            class="pf-v6-c-title pf-m-4xl"
            data-ouia-component-id="OUIA-Generated-Title-1"
            data-ouia-component-type="PF6/Title"
            data-ouia-safe="true"
          >
            Task Tally
          </h1>
        </div>
        <div
          class="pf-v6-l-stack__item"
        >
          <h2
            class="pf-v6-c-title pf-m-lg"
            data-ouia-component-id="OUIA-Generated-Title-2"
            data-ouia-component-type="PF6/Title"
            data-ouia-safe="true"
          >
            Consulting Templates & Task Management
          </h2>
        </div>
        <div
          class="pf-v6-l-stack__item"
        >
          <button
            aria-disabled="false"
            class="pf-v6-c-button pf-m-primary pf-m-display-lg"
            data-ouia-component-id="OUIA-Generated-Button-primary-1"
            data-ouia-component-type="PF6/Button"
            data-ouia-safe="true"
            type="button"
          >
            <span
              class="pf-v6-c-button__icon pf-m-start"
            >
              <svg
                aria-hidden="true"
                class="pf-v6-svg"
                fill="currentColor"
                height="1em"
                role="img"
                viewBox="0 0 488 512"
                width="1em"
              >
                <path
                  d="M488 261.8C488 403.3 391.1 504 248 504 110.8 504 0 393.2 0 256S110.8 8 248 8c66.8 0 123 24.5 166.3 64.9l-67.5 64.9C258.5 52.6 94.3 116.6 94.3 256c0 86.5 69.1 156.6 153.7 156.6 98.2 0 135-70.4 140.8-106.9H248v-85.3h236.1c2.3 12.7 3.9 24.9 3.9 41.4z"
                />
              </svg>
            </span>
            <span
              class="pf-v6-c-button__text"
            >
              Sign in with Google
            </span>
          </button>
        </div>
      </div>
    </div>
  </div>
</DocumentFragment>
`;
